********* Start testing of MainWindowPersistenceTest *********
Config: Using QtTest library 6.8.3, Qt 6.8.3 (x86_64-little_endian-llp64 shared (dynamic) release build; by MSVC 2022), windows 11
PASS   : MainWindowPersistenceTest::initTestCase()
QWARN  : MainWindowPersistenceTest::exposesEditHistoryPanel() QFontDatabase: Cannot find font directory D:/Projects/vinson/vinson-editor/build/release/tests/lib/fonts.
Note that Qt no longer ships fonts. Deploy some (from https://dejavu-fonts.github.io/ for example) or switch to fontconfig.
QWARN  : MainWindowPersistenceTest::exposesEditHistoryPanel() This plugin does not support propagateSizeHints()
QWARN  : MainWindowPersistenceTest::exposesEditHistoryPanel() This plugin does not support propagateSizeHints()
FAIL!  : MainWindowPersistenceTest::exposesEditHistoryPanel() Compared values are not the same
   Actual   (findReplaceWidget->palette().color(QPalette::Window)): #ffefefef
   Expected (historyWidget->palette().color(QPalette::Window))    : #ff1e2832
D:\Projects\vinson\vinson-editor\tests\MainWindowPersistenceTest.cpp(414) : failure location
PASS   : MainWindowPersistenceTest::cleanupTestCase()
Totals: 2 passed, 1 failed, 0 skipped, 0 blacklisted, 31ms
********* Finished testing of MainWindowPersistenceTest *********
